src/components/radar/LiveMap.tsx(30,9): error TS2769: No overload matches this call.
  Overload 1 of 2, '(props: InteractiveMapProps): InteractiveMap', gave the following error.
    Type '{ children: (Element | Element[])[]; initialViewState: { longitude: number; latitude: number; zoom: number; }; mapStyle: string; mapboxAccessToken: string; }' is not assignable to type 'IntrinsicAttributes & IntrinsicClassAttributes<InteractiveMap> & Readonly<InteractiveMapProps>'.
      Property 'initialViewState' does not exist on type 'IntrinsicAttributes & IntrinsicClassAttributes<InteractiveMap> & Readonly<InteractiveMapProps>'.
  Overload 2 of 2, '(props: InteractiveMapProps, context: any): InteractiveMap', gave the following error.
    Type '{ children: (Element | Element[])[]; initialViewState: { longitude: number; latitude: number; zoom: number; }; mapStyle: string; mapboxAccessToken: string; }' is not assignable to type 'IntrinsicAttributes & IntrinsicClassAttributes<InteractiveMap> & Readonly<InteractiveMapProps>'.
      Property 'initialViewState' does not exist on type 'IntrinsicAttributes & IntrinsicClassAttributes<InteractiveMap> & Readonly<InteractiveMapProps>'.
src/components/radar/LiveMap.tsx(38,28): error TS2769: No overload matches this call.
  Overload 1 of 2, '(props: NavigationControlProps): NavigationControl', gave the following error.
    Type '{ position: string; }' is not assignable to type 'IntrinsicAttributes & IntrinsicClassAttributes<NavigationControl> & Readonly<NavigationControlProps>'.
      Property 'position' does not exist on type 'IntrinsicAttributes & IntrinsicClassAttributes<NavigationControl> & Readonly<NavigationControlProps>'.
  Overload 2 of 2, '(props: NavigationControlProps, context: any): NavigationControl', gave the following error.
    Type '{ position: string; }' is not assignable to type 'IntrinsicAttributes & IntrinsicClassAttributes<NavigationControl> & Readonly<NavigationControlProps>'.
      Property 'position' does not exist on type 'IntrinsicAttributes & IntrinsicClassAttributes<NavigationControl> & Readonly<NavigationControlProps>'.
src/components/radar/LiveMap.tsx(47,17): error TS2769: No overload matches this call.
  Overload 1 of 2, '(props: MarkerProps): Marker', gave the following error.
    Type '{ children: Element[]; key: string; longitude: number; latitude: number; anchor: string; }' is not assignable to type 'IntrinsicAttributes & IntrinsicClassAttributes<Marker> & Readonly<MarkerProps>'.
      Property 'anchor' does not exist on type 'IntrinsicAttributes & IntrinsicClassAttributes<Marker> & Readonly<MarkerProps>'.
  Overload 2 of 2, '(props: MarkerProps, context: any): Marker', gave the following error.
    Type '{ children: Element[]; key: string; longitude: number; latitude: number; anchor: string; }' is not assignable to type 'IntrinsicAttributes & IntrinsicClassAttributes<Marker> & Readonly<MarkerProps>'.
      Property 'anchor' does not exist on type 'IntrinsicAttributes & IntrinsicClassAttributes<Marker> & Readonly<MarkerProps>'.
